[     101ms] [ERROR] Failed to load resource: the server responded with a status of 404 (Not Found) @ http://localhost:8000/favicon.ico:0
[  272183ms] [WARNING] SSE: Error соединения @ http://localhost:8000/static/js/app.js:1260
[  727851ms] [WARNING] SSE: Error соединения @ http://localhost:8000/static/js/app.js:1260
[  728843ms] [WARNING] SSE: Error соединения @ http://localhost:8000/static/js/app.js:1260
[  728843ms] [ERROR] Failed to load resource: net::ERR_CONNECTION_REFUSED @ http://localhost:8000/api/events?token=admin:0
[  730438ms] [ERROR] Failed to load resource: net::ERR_CONNECTION_REFUSED @ http://localhost:8000/api/launchers/8895c737/status:0
[  730438ms] [WARNING] Launcher Основная нода: failed to load status: TypeError: Failed to fetch
    at LauncherRenderer.loadStatus (http://localhost:8000/static/js/app.js:10261:32)
    at http://localhost:8000/static/js/app.js:10209:59 @ http://localhost:8000/static/js/app.js:10267
[  730670ms] [WARNING] SSE: Error соединения @ http://localhost:8000/static/js/app.js:1260
[  730670ms] [ERROR] Failed to load resource: net::ERR_CONNECTION_REFUSED @ http://localhost:8000/api/events?token=admin:0
[  732226ms] [ERROR] Failed to load resource: net::ERR_CONNECTION_REFUSED @ http://localhost:8000/api/recording/status:0
[  734312ms] [WARNING] SSE: Error соединения @ http://localhost:8000/static/js/app.js:1260
[  734312ms] [ERROR] Failed to load resource: net::ERR_CONNECTION_REFUSED @ http://localhost:8000/api/events?token=admin:0
[  735438ms] [ERROR] Failed to load resource: net::ERR_CONNECTION_REFUSED @ http://localhost:8000/api/launchers/8895c737/status:0
[  735438ms] [WARNING] Launcher Основная нода: failed to load status: TypeError: Failed to fetch
    at LauncherRenderer.loadStatus (http://localhost:8000/static/js/app.js:10261:32)
    at http://localhost:8000/static/js/app.js:10209:59 @ http://localhost:8000/static/js/app.js:10267
[  737226ms] [ERROR] Failed to load resource: net::ERR_CONNECTION_REFUSED @ http://localhost:8000/api/recording/status:0
[  740443ms] [ERROR] Failed to load resource: net::ERR_CONNECTION_REFUSED @ http://localhost:8000/api/launchers/8895c737/status:0
[  740443ms] [WARNING] Launcher Основная нода: failed to load status: TypeError: Failed to fetch
    at LauncherRenderer.loadStatus (http://localhost:8000/static/js/app.js:10261:32)
    at http://localhost:8000/static/js/app.js:10209:59 @ http://localhost:8000/static/js/app.js:10267
[  742225ms] [ERROR] Failed to load resource: net::ERR_CONNECTION_REFUSED @ http://localhost:8000/api/recording/status:0
[  742802ms] [WARNING] SSE: Error соединения @ http://localhost:8000/static/js/app.js:1260
[  742802ms] [ERROR] Failed to load resource: net::ERR_CONNECTION_REFUSED @ http://localhost:8000/api/events?token=admin:0
[  745438ms] [ERROR] Failed to load resource: net::ERR_CONNECTION_REFUSED @ http://localhost:8000/api/launchers/8895c737/status:0
[  745438ms] [WARNING] Launcher Основная нода: failed to load status: TypeError: Failed to fetch
    at LauncherRenderer.loadStatus (http://localhost:8000/static/js/app.js:10261:32)
    at http://localhost:8000/static/js/app.js:10209:59 @ http://localhost:8000/static/js/app.js:10267
[  747225ms] [ERROR] Failed to load resource: net::ERR_CONNECTION_REFUSED @ http://localhost:8000/api/recording/status:0
[  750442ms] [ERROR] Failed to load resource: net::ERR_CONNECTION_REFUSED @ http://localhost:8000/api/launchers/8895c737/status:0
[  750442ms] [WARNING] Launcher Основная нода: failed to load status: TypeError: Failed to fetch
    at LauncherRenderer.loadStatus (http://localhost:8000/static/js/app.js:10261:32)
    at http://localhost:8000/static/js/app.js:10209:59 @ http://localhost:8000/static/js/app.js:10267
[  752225ms] [ERROR] Failed to load resource: net::ERR_CONNECTION_REFUSED @ http://localhost:8000/api/recording/status:0
[  755437ms] [ERROR] Failed to load resource: net::ERR_CONNECTION_REFUSED @ http://localhost:8000/api/launchers/8895c737/status:0
[  755438ms] [WARNING] Launcher Основная нода: failed to load status: TypeError: Failed to fetch
    at LauncherRenderer.loadStatus (http://localhost:8000/static/js/app.js:10261:32)
    at http://localhost:8000/static/js/app.js:10209:59 @ http://localhost:8000/static/js/app.js:10267
[  757225ms] [ERROR] Failed to load resource: net::ERR_CONNECTION_REFUSED @ http://localhost:8000/api/recording/status:0
[  759030ms] [WARNING] SSE: Error соединения @ http://localhost:8000/static/js/app.js:1260
[  759030ms] [ERROR] Failed to load resource: net::ERR_CONNECTION_REFUSED @ http://localhost:8000/api/events?token=admin:0
[  760438ms] [ERROR] Failed to load resource: net::ERR_CONNECTION_REFUSED @ http://localhost:8000/api/launchers/8895c737/status:0
[  760438ms] [WARNING] Launcher Основная нода: failed to load status: TypeError: Failed to fetch
    at LauncherRenderer.loadStatus (http://localhost:8000/static/js/app.js:10261:32)
    at http://localhost:8000/static/js/app.js:10209:59 @ http://localhost:8000/static/js/app.js:10267
[  762226ms] [ERROR] Failed to load resource: net::ERR_CONNECTION_REFUSED @ http://localhost:8000/api/recording/status:0
[  765438ms] [ERROR] Failed to load resource: net::ERR_CONNECTION_REFUSED @ http://localhost:8000/api/launchers/8895c737/status:0
[  765438ms] [WARNING] Launcher Основная нода: failed to load status: TypeError: Failed to fetch
    at LauncherRenderer.loadStatus (http://localhost:8000/static/js/app.js:10261:32)
    at http://localhost:8000/static/js/app.js:10209:59 @ http://localhost:8000/static/js/app.js:10267
[  770441ms] [ERROR] Failed to load resource: the server responded with a status of 503 (Service Unavailable) @ http://localhost:8000/api/launchers/8895c737/status:0
[  770441ms] [WARNING] Launcher Основная нода: failed to load status: Error: HTTP 503
    at LauncherRenderer.loadStatus (http://localhost:8000/static/js/app.js:10263:23) @ http://localhost:8000/static/js/app.js:10267
[  775439ms] [ERROR] Failed to load resource: the server responded with a status of 503 (Service Unavailable) @ http://localhost:8000/api/launchers/8895c737/status:0
[  775439ms] [WARNING] Launcher Основная нода: failed to load status: Error: HTTP 503
    at LauncherRenderer.loadStatus (http://localhost:8000/static/js/app.js:10263:23) @ http://localhost:8000/static/js/app.js:10267
